
> night-market-stall-mvp@0.1.0 build
> tsc -b && vite build

vite v8.1.5 building client environment for production...
[2K
transforming...✓ 479 modules transformed.
rendering chunks...
computing gzip size...
dist/index.html                                                       0.83 kB │ gzip:   0.56 kB
dist/assets/settings-slider-clean-patch-DevvtYq4.webp                 6.16 kB
dist/assets/summary-title-neutral-EyqjklnP.webp                      15.18 kB
dist/assets/02-egg-scorched-C6twET9H.webp                            15.33 kB
dist/assets/04-second-egg-scorched-B6Dh394B.webp                     15.59 kB
dist/assets/classic-08-pack-5W3QG8nv.webp                            16.78 kB
dist/assets/03-orleans-scorched-DoVYZUlL.webp                        17.07 kB
dist/assets/03-turkey-noodle-scorched-DCiMR5OL.webp                  17.29 kB
dist/assets/04-tenderloin-scorched-NAw3nCfR.webp                     18.15 kB
dist/assets/day-select-title-neutral-CSTi_koI.webp                   19.44 kB
dist/assets/02-egg-scorched-CY30Ooza.webp                            22.65 kB
dist/assets/disappointed-DD0y-JlW.webp                               23.21 kB
dist/assets/waiting-CmxHgmqm.webp                                    23.40 kB
dist/assets/arriving-CSdiH32M.webp                                   23.92 kB
dist/assets/impatient-D8JJIOHW.webp                                  24.06 kB
dist/assets/ingredient-cheese-BK8gC_A4.webp                          25.55 kB
dist/assets/03-hot-dog-scorched-3N51PFhl.webp                        25.85 kB
dist/assets/classic-roll-DVx6ndsk.webp                               26.10 kB
dist/assets/happy-DCdAGUDE.webp                                      26.24 kB
dist/assets/waiting-DnMWA8Or.webp                                    26.51 kB
dist/assets/ordering-BnSfW2zy.webp                                   26.56 kB
dist/assets/big-eater-roll-D3em3N0X.webp                             26.61 kB
dist/assets/orleans-roll-IPz1OynB.webp                               26.63 kB
dist/assets/signature-roll-0TwXPq8D.webp                             26.64 kB
dist/assets/big-eater-08-roll-C70ff6RP.webp                          26.66 kB
dist/assets/tenderloin-08-roll-DzgCemDG.webp                         26.69 kB
dist/assets/signature-09-roll-CotuRrA5.webp                          26.72 kB
dist/assets/orleans-07-roll-CjKLSSIV.webp                            26.74 kB
dist/assets/tenderloin-roll-Dh_EnA-G.webp                            26.88 kB
dist/assets/happy-PPV7aQSt.webp                                      26.92 kB
dist/assets/ordering-DbZ85ftL.webp                                   27.04 kB
dist/assets/impatient-B9qLhpya.webp                                  27.21 kB
dist/assets/disappointed-D9UvuuqV.webp                               27.23 kB
dist/assets/arriving-Bu3NwTzS.webp                                   27.27 kB
dist/assets/04-second-egg-burnt-CuvcUAZ4.webp                        27.31 kB
dist/assets/02-egg-burnt-BsWfKzWi.webp                               27.50 kB
dist/assets/urgent-D4bMySPl.webp                                     27.55 kB
dist/assets/disappointed-DI39AZnN.webp                               28.08 kB
dist/assets/signature-09-roll--egg-Dzyk5GYp.webp                     28.63 kB
dist/assets/impatient-Me0tSgIZ.webp                                  28.70 kB
dist/assets/disappointed-3Eb2PMcf.webp                               29.36 kB
dist/assets/waiting-BqF4RJIG.webp                                    29.42 kB
dist/assets/urgent-Ddq4QAo_.webp                                     29.51 kB
dist/assets/urgent-BJIqnVZM.webp                                     29.83 kB
dist/assets/arriving-BqMWkawi.webp                                   29.86 kB
dist/assets/03-orleans-burnt-Bln63pGa.webp                           29.87 kB
dist/assets/ingredient-egg-BoDG0Gmq.webp                             29.99 kB
dist/assets/happy-witbPK5d.webp                                      30.15 kB
dist/assets/02-egg-raw-BOu8Xxb8.webp                                 30.30 kB
dist/assets/04-second-egg-raw-rAp6Fky_.webp                          30.45 kB
dist/assets/disappointed-C0sVey4m.webp                               30.47 kB
dist/assets/urgent-C-U4UyuB.webp                                     30.65 kB
dist/assets/impatient-CZa6BuBu.webp                                  30.79 kB
dist/assets/03-turkey-noodle-burnt-BlwT5EuD.webp                     30.93 kB
dist/assets/waiting-7JwoTtRp.webp                                    30.96 kB
dist/assets/waiting-DWAzENJi.webp                                    31.05 kB
dist/assets/04-tenderloin-burnt-BQvAs0-9.webp                        31.09 kB
dist/assets/happy-CdAyqufF.webp                                      31.13 kB
dist/assets/happy-CjSn8naZ.webp                                      31.28 kB
dist/assets/arriving-Pr1zWBAj.webp                                   31.74 kB
dist/assets/ingredient-corn-OXYaPMvT.webp                            31.79 kB
dist/assets/disappointed-DnteJiI_.webp                               32.02 kB
dist/assets/urgent-Dfp-R3Yk.webp                                     32.08 kB
dist/assets/arriving-CQEuN-Lo.webp                                   32.20 kB
dist/assets/disappointed-B3RrSlVT.webp                               32.36 kB
dist/assets/orleans-02-egg-12l1lp-r.webp                             32.36 kB
dist/assets/big-eater-04-second-egg-Dhcy3k0K.webp                    32.49 kB
dist/assets/ordering-BDd9aoN7.webp                                   32.57 kB
dist/assets/ordering-DM1-vGOO.webp                                   32.67 kB
dist/assets/home-title-neutral-B-N6nKdN.webp                         32.69 kB
dist/assets/impatient-Bzc2N4bS.webp                                  32.77 kB
dist/assets/waiting-DLcZRouC.webp                                    32.95 kB
dist/assets/waiting-Bl1ofHc3.webp                                    33.00 kB
dist/assets/impatient-BXRRkPBL.webp                                  33.01 kB
dist/assets/03-orleans-raw-CvzxM1vy.webp                             33.05 kB
dist/assets/arriving-GKcrztsA.webp                                   33.16 kB
dist/assets/02-egg-ready-DsikBR-3.webp                               33.17 kB
dist/assets/impatient-bDrDYCP3.webp                                  33.26 kB
dist/assets/04-second-egg-ready-7JwzIDKl.webp                        33.48 kB
dist/assets/urgent-Bkd9ae1O.webp                                     33.52 kB
dist/assets/03-turkey-noodle-raw-Bek2gA98.webp                       33.58 kB
dist/assets/happy-Csx4Qeto.webp                                      33.71 kB
dist/assets/04-tenderloin-raw-DeZV-9y2.webp                          33.73 kB
dist/assets/classic-07-roll-DWMwIc2-.webp                            33.76 kB
dist/assets/happy-D2WIZAeL.webp                                      34.19 kB
dist/assets/signature-04-cheese-9cYzboSr.webp                        34.31 kB
dist/assets/big-eater-03-second-noodle-QkRmGghR.webp                 34.52 kB
dist/assets/arriving-DHz3mSVl.webp                                   34.59 kB
dist/assets/big-eater-05-sauce-o0DyMsn0.webp                         35.12 kB
dist/assets/02-egg-burnt-Rvic7lkZ.webp                               35.31 kB
dist/assets/orleans-01-noodle-D00UY_G0.webp                          35.41 kB
dist/assets/signature-05-corn-CKlqwVs_.webp                          35.49 kB
dist/assets/urgent-U87ppEWW.webp                                     35.53 kB
dist/assets/disappointed-DfrbwbPR.webp                               35.64 kB
dist/assets/orleans-04-sauce-uBrjWmrK.webp                           35.68 kB
dist/assets/ordering-DAv8SzOo.webp                                   35.73 kB
dist/assets/big-eater-06-scallion-CY_v3Kx8.webp                      35.79 kB
dist/assets/signature-06-sauce-D33Ls7eu.webp                         35.80 kB
dist/assets/orleans-03-orleans-CRtjlWI4.webp                         36.01 kB
dist/assets/tenderloin-05-sauce-CRP_arp5.webp                        36.14 kB
dist/assets/orleans-05-scallion-BBv4wd7S.webp                        36.42 kB
dist/assets/signature-03-turkey-noodle-Tg2QzLx3.webp                 36.42 kB
dist/assets/arriving-BBjmCuQ-.webp                                   36.51 kB
dist/assets/tenderloin-04-tenderloin-B_UbkX_g.webp                   36.58 kB
dist/assets/signature-07-scallion-BrBDgE4-.webp                      36.59 kB
dist/assets/urgent-BV6FhlMH.webp                                     36.59 kB
dist/assets/03-orleans-ready-BmXYuyhN.webp                           36.66 kB
dist/assets/tenderloin-06-scallion-ChZ_23nr.webp                     36.76 kB
dist/assets/waiting-B-hb3jfs.webp                                    36.79 kB
dist/assets/impatient-ioHtOIA1.webp                                  36.91 kB
dist/assets/03-turkey-noodle-ready-BTfhWzdp.webp                     36.99 kB
dist/assets/disappointed-CjuKH-kY.webp                               37.12 kB
dist/assets/ordering-8D5bdyzm.webp                                   37.15 kB
dist/assets/disappointed-DZ5xbXPJ.webp                               37.19 kB
dist/assets/happy-QDhK8G2q.webp                                      37.24 kB
dist/assets/happy-BVpGF-Qs.webp                                      37.26 kB
dist/assets/impatient-DLrNJtn-.webp                                  37.28 kB
dist/assets/04-tenderloin-ready-Cg4uNNUC.webp                        37.44 kB
dist/assets/happy-DOr4GDrn.webp                                      37.55 kB
dist/assets/ordering-2CiusH9P.webp                                   37.65 kB
dist/assets/03-hot-dog-burnt-IjcV7EIp.webp                           37.79 kB
dist/assets/big-eater-cut-BTc0jt5C.webp                              38.11 kB
dist/assets/ingredient-hot-dog-Dpx8_C6I.webp                         38.15 kB
dist/assets/classic-cut-B5zHTDc8.webp                                38.18 kB
dist/assets/big-eater-08-roll--bacon-CME0ZR0c.webp                   38.24 kB
dist/assets/tenderloin-08-roll--bacon-DOfQ41lv.webp                  38.24 kB
dist/assets/orleans-07-roll--bacon-nYrubUYu.webp                     38.25 kB
dist/assets/signature-09-roll--bacon-aCS_GqBs.webp                   38.25 kB
dist/assets/signature-cut-BoQJyffI.webp                              38.29 kB
dist/assets/tenderloin-cut-Cod3LCfy.webp                             38.30 kB
dist/assets/orleans-cut-CpphXp-5.webp                                38.31 kB
dist/assets/big-eater-07-cut-CX9GehZY.webp                           38.39 kB
dist/assets/waiting-C49t2uDC.webp                                    38.48 kB
dist/assets/ingredient-ham-sausage-Dy3qKpBm.webp                     38.49 kB
dist/assets/signature-08-cut-BR4HkJJI.webp                           38.51 kB
dist/assets/tenderloin-07-cut-DVjeDx58.webp                          38.54 kB
dist/assets/orleans-06-cut-BBZoFWup.webp                             38.55 kB
dist/assets/ordering-CXy7PuHI.webp                                   38.91 kB
dist/assets/orleans-07-roll--enoki-PDGWImVG.webp                     39.04 kB
dist/assets/arriving-Bf-oueV1.webp                                   39.27 kB
dist/assets/ingredient-enoki-D5vCxW6v.webp                           39.47 kB
dist/assets/impatient-waJUtS4c.webp                                  39.62 kB
dist/assets/waiting-DauAkCVG.webp                                    39.71 kB
dist/assets/ordering-RyFLFGpa.webp                                   39.92 kB
dist/assets/arriving-DMOVHVBl.webp                                   40.00 kB
dist/assets/urgent-yoB28p0C.webp                                     40.45 kB
dist/assets/02-egg-raw-CDfSx52u.webp                                 40.61 kB
dist/assets/signature-02-egg--egg-DUb4CaP_.webp                      40.99 kB
dist/assets/signature-06-sauce--egg-Bo8GHpcU.webp                    41.04 kB
dist/assets/signature-05-corn--egg-Bo4wmcIH.webp                     41.09 kB
dist/assets/signature-03-turkey-noodle--egg-DYhoAEZF.webp            41.09 kB
dist/assets/urgent-OiM-iarC.webp                                     41.86 kB
dist/assets/03-hot-dog-raw-DWrjIvep.webp                             42.38 kB
dist/assets/ordering-DvGLf4ys.webp                                   42.85 kB
dist/assets/classic-02-egg-Dj676dbZ.webp                             43.36 kB
dist/assets/signature-09-roll--onion-dlPF4_LS.webp                   43.47 kB
dist/assets/orleans-07-roll--chili-powder-bSxF4coI.webp              43.48 kB
dist/assets/big-eater-08-roll--onion-COPmsqOV.webp                   43.49 kB
dist/assets/tenderloin-08-roll--onion-BVuOaOv6.webp                  43.51 kB
dist/assets/orleans-07-roll--onion-CAvJNYnv.webp                     43.54 kB
dist/assets/classic-07-roll--enoki-pvHPrqaw.webp                     43.87 kB
dist/assets/signature-08-cut--egg-CBgwi_Vq.webp                      44.20 kB
dist/assets/02-egg-ready-BraLD1aS.webp                               44.28 kB
dist/assets/orleans-07-roll--cilantro-DEIj7qr0.webp                  44.33 kB
dist/assets/classic-07-roll--bacon-DOoLBBfr.webp                     44.51 kB
dist/assets/classic-03-hot-dog-BNieS80Y.webp                         44.72 kB
dist/assets/disappointed-DUQY0wVw.webp                               44.74 kB
dist/assets/impatient-CdkZZZ3y.webp                                  45.25 kB
dist/assets/classic-01-noodle-HVexiEkq.webp                          45.65 kB
dist/assets/03-hot-dog-ready-DaSH3Pnu.webp                           45.80 kB
dist/assets/happy-C0yaP8zq.webp                                      45.83 kB
dist/assets/classic-07-roll--onion-D3gMTkHD.webp                     46.32 kB
dist/assets/ingredient-scallion-DvRe8lSY.webp                        46.94 kB
dist/assets/big-eater-04-second-egg--enoki-D44vYLoT.webp             47.71 kB
dist/assets/big-eater-05-sauce--enoki-BAvazal4.webp                  47.98 kB
dist/assets/arriving-D_wAiwVR.webp                                   48.18 kB
dist/assets/big-eater-04-second-egg--onion-MIuWeoGb.webp             48.18 kB
dist/assets/big-eater-06-scallion--onion-CkYG3yEy.webp               48.36 kB
dist/assets/orleans-03-orleans--enoki-sa5XkSo7.webp                  48.53 kB
dist/assets/waiting-DnxtOzmf.webp                                    48.55 kB
dist/assets/big-eater-06-scallion--bacon-CLzgSO7z.webp               48.56 kB
dist/assets/big-eater-05-sauce--bacon-C2ABR6V4.webp                  48.57 kB
dist/assets/big-eater-04-second-egg--bacon-DxbAkmXa.webp             48.62 kB
dist/assets/orleans-04-sauce--enoki-BBKlQTRP.webp                    48.64 kB
dist/assets/signature-05-corn--enoki-D78Ya-ju.webp                   48.78 kB
dist/assets/tenderloin-05-sauce--enoki-T53DaIzz.webp                 48.81 kB
dist/assets/signature-06-sauce--enoki-DRiWzSlh.webp                  48.82 kB
dist/assets/orleans-04-sauce--onion-BP3T4vWb.webp                    48.96 kB
dist/assets/tenderloin-04-tenderloin--enoki-Csj19DEM.webp            48.98 kB
dist/assets/tenderloin-05-sauce--onion-BbQyqPBu.webp                 49.02 kB
dist/assets/orleans-05-scallion--onion-DVXHD51C.webp                 49.07 kB
dist/assets/big-eater-05-sauce--onion-DBSCX6HW.webp                  49.11 kB
dist/assets/tenderloin-04-tenderloin--bacon-DyDjBzzK.webp            49.37 kB
dist/assets/orleans-05-scallion--bacon-CuqpFwH1.webp                 49.38 kB
dist/assets/signature-05-corn--bacon-JdhSyIzg.webp                   49.40 kB
dist/assets/signature-07-scallion--bacon-uSZH83sz.webp               49.41 kB
dist/assets/orleans-04-sauce--bacon-DfMgWAfw.webp                    49.43 kB
dist/assets/tenderloin-05-sauce--bacon-DVly77PG.webp                 49.44 kB
dist/assets/tenderloin-06-scallion--bacon-CXxWAa0v.webp              49.44 kB
dist/assets/orleans-03-orleans--bacon-BE9nEvV3.webp                  49.44 kB
dist/assets/signature-06-sauce--bacon-BO2zh9Fi.webp                  49.45 kB
dist/assets/classic-07-roll--cilantro-C-D2D7Sa.webp                  49.61 kB
dist/assets/tenderloin-04-tenderloin--onion-RBuojEGP.webp            49.73 kB
dist/assets/signature-06-sauce--onion-CHGNWumE.webp                  49.74 kB
dist/assets/signature-05-corn--onion-BZUjiduR.webp                   49.84 kB
dist/assets/orleans-03-orleans--onion-DDNsULFm.webp                  49.87 kB
dist/assets/signature-07-scallion--onion-DwNrhow9.webp               50.03 kB
dist/assets/tenderloin-06-scallion--onion-CoFvZg3y.webp              50.04 kB
dist/assets/tenderloin-07-cut--bacon-C7f52wi_.webp                   50.37 kB
dist/assets/big-eater-07-cut--bacon-BfYx_zqI.webp                    50.39 kB
dist/assets/orleans-06-cut--bacon-DH2isNMD.webp                      50.40 kB
dist/assets/signature-08-cut--bacon-Ci8Dko9F.webp                    50.41 kB
dist/assets/classic-07-roll--chili-powder-B4H5O2oN.webp              51.68 kB
dist/assets/ordering-Ctp7jKzd.webp                                   51.71 kB
dist/assets/orleans-06-cut--onion-B7C1Bth2.webp                      51.79 kB
dist/assets/big-eater-07-cut--onion-uN13yTJF.webp                    51.80 kB
dist/assets/tenderloin-07-cut--onion-aXyiNdh5.webp                   51.82 kB
dist/assets/signature-08-cut--onion-7N3gfMk1.webp                    51.84 kB
dist/assets/classic-04-sauce-CxeiBv_Y.webp                           52.18 kB
dist/assets/orleans-06-cut--enoki-CPDtOay1.webp                      52.19 kB
dist/assets/urgent-8KcBkRmx.webp                                     53.06 kB
dist/assets/big-eater-05-sauce--cilantro-BT2V0yND.webp               53.12 kB
dist/assets/orleans-04-sauce--cilantro-D83Lygtm.webp                 53.31 kB
dist/assets/orleans-06-cut--cilantro-CSSwhIwL.webp                   54.10 kB
dist/assets/ingredient-turkey-noodle-D73RSOWN.webp                   54.43 kB
dist/assets/big-eater-05-sauce--chili-powder-CD1EdYkd.webp           56.42 kB
dist/assets/big-eater-04-second-egg--chili-powder-f1DSY3zj.webp      56.42 kB
dist/assets/ingredient-bin-cheese-Cv77NU8M.webp                      56.79 kB
dist/assets/orleans-03-orleans--chili-powder-UXHh9Cja.webp           57.55 kB
dist/assets/orleans-04-sauce--chili-powder-TCgDSC8f.webp             57.55 kB
dist/assets/signature-05-corn--chili-powder-BQzkWEqP.webp            57.56 kB
dist/assets/tenderloin-04-tenderloin--chili-powder-Ce1YXm4c.webp     57.57 kB
dist/assets/orleans-06-cut--chili-powder-BfrJzAon.webp               57.90 kB
dist/assets/ingredient-sauce-BSdOzBjl.webp                           58.48 kB
dist/assets/ingredient-bin-onion-D7veDHIK.webp                       60.88 kB
dist/assets/ingredient-bacon-Bq6pfeAB.webp                           61.54 kB
dist/assets/classic-03-hot-dog--bacon-BkejrFsp.webp                  62.53 kB
dist/assets/classic-03-hot-dog--enoki-DDtw3PP-.webp                  63.00 kB
dist/assets/classic-03-hot-dog--onion-EiDuKl7j.webp                  64.19 kB
dist/assets/classic-05-scallion-CfMZ0Mgb.webp                        64.65 kB
dist/assets/classic-06-cut-ByiJub1y.webp                             65.71 kB
dist/assets/ingredient-tenderloin-DsMZUMns.webp                      65.85 kB
dist/assets/classic-03-hot-dog--cilantro-BYsjltYt.webp               66.35 kB
dist/assets/classic-04-sauce--bacon-BZ1AE_kv.webp                    69.42 kB
dist/assets/classic-04-sauce--onion-D-dJnkMr.webp                    70.53 kB
dist/assets/classic-03-hot-dog--chili-powder-DQAWMEnO.webp           71.00 kB
dist/assets/classic-04-sauce--enoki-SVwH832B.webp                    71.58 kB
dist/assets/ingredient-pork-floss-BFiX0uyB.webp                      72.84 kB
dist/assets/classic-04-sauce--cilantro-DaYWmb88.webp                 72.90 kB
dist/assets/ingredient-chili-powder-CNVUFwMC.webp                    73.37 kB
dist/assets/ingredient-spicy-strip-C_Ih05-7.webp                     74.40 kB
dist/assets/ingredient-bin-corn-DyzAApyv.webp                        74.88 kB
dist/assets/ingredient-cilantro-mTnRXM7u.webp                        75.58 kB
dist/assets/classic-04-sauce--chili-powder-DyUBqH9v.webp             77.03 kB
dist/assets/ingredient-noodle-sheet-BZxyb-py.webp                    77.59 kB
dist/assets/classic-05-scallion--bacon-BViaPmS-.webp                 78.69 kB
dist/assets/ingredient-orleans-chicken-CO7bqeWM.webp                 79.77 kB
dist/assets/classic-05-scallion--onion-3RYE6J9_.webp                 80.63 kB
dist/assets/classic-05-scallion--enoki-NmgGOZe4.webp                 81.17 kB
dist/assets/ingredient-bin-egg-CEF-M0KY.webp                         82.37 kB
dist/assets/classic-05-scallion--cilantro-zDyjo3T5.webp              82.57 kB
dist/assets/ingredient-bin-enoki-BfCUDbUn.webp                       83.25 kB
dist/assets/classic-06-cut--bacon-D7E1yUYs.webp                      84.21 kB
dist/assets/classic-06-cut--onion-DqcDQwCN.webp                      86.18 kB
dist/assets/classic-06-cut--enoki-D-kF8oaX.webp                      87.26 kB
dist/assets/classic-06-cut--cilantro-D0piW1_e.webp                   87.79 kB
dist/assets/classic-05-scallion--chili-powder-C_u13pUd.webp          87.91 kB
dist/assets/classic-06-cut--chili-powder-Gd_bpHtc.webp               93.57 kB
dist/assets/ingredient-bin-hot-dog-DloaisP8.webp                     97.25 kB
dist/assets/ingredient-bin-sauce-BpqCx5eD.webp                       98.25 kB
dist/assets/ingredient-bin-scallion-BEvaRx9c.webp                   100.68 kB
dist/assets/ingredient-bin-bacon-DAgDOteC.webp                      104.04 kB
dist/assets/ingredient-onion-BWe7JPxS.webp                          104.20 kB
dist/assets/ingredient-bin-noodle-CLnJU9WF.webp                     106.25 kB
dist/assets/ingredient-bin-turkey-noodle-C-LBM0qE.webp              112.40 kB
dist/assets/ingredient-bin-cilantro-CNnX1i3i.webp                   119.55 kB
dist/assets/ingredient-bin-tenderloin-B-1aTb0J.webp                 122.75 kB
dist/assets/ingredient-bin-chili-powder-fpb19nyT.webp               122.97 kB
dist/assets/ingredient-bin-orleans-BFhLtPcF.webp                    134.94 kB
dist/assets/takeaway-bag-1IpeauHz.webp                              173.61 kB
dist/assets/dish-tenderloin-turkey-noodle-Guhzq8xw.webp             232.98 kB
dist/assets/dish-classic-noodle-I9rRxPK7.webp                       250.63 kB
dist/assets/dish-orleans-chicken-noodle-mVr_grqi.webp               251.07 kB
dist/assets/dish-signature-cheese-turkey-noodle-DFJhLo0W.webp       252.25 kB
dist/assets/dish-big-eater-noodle-BRDXDn3P.webp                     275.01 kB
dist/assets/summary-screen-user-final-Dj2uHf7I.webp                 295.94 kB
dist/assets/night-market-clean-background-DRPGRpdO.webp             296.03 kB
dist/assets/day5-celebrity-event-key-art-J6vjZalJ.webp              322.57 kB
dist/assets/kitchen-screen-live-clean-CQDJLIgK.webp                 348.49 kB
dist/assets/kitchen-screen-live-expanded-clean-D993X-rQ.webp        358.78 kB
dist/assets/day-select-user-final-BP5n1raz.webp                     374.26 kB
dist/assets/customer-06-dazhuang-motion-CIunr6IK.webp               383.47 kB
dist/assets/customer-04-senior-motion-b9LKkFgS.webp                 399.61 kB
dist/assets/celebrity-motion-CdnzkqN-.webp                          410.05 kB
dist/assets/menu-board-Bu_ZQGkr.webp                                438.02 kB
dist/assets/customer-02-ajie-motion-BWCl4CQ-.webp                   459.11 kB
dist/assets/customer-07-xuyan-motion-DtG34uis.webp                  514.62 kB
dist/assets/settings-screen-user-final-CbSiQ8af.webp                526.60 kB
dist/assets/home-screen-user-final-C8Xn3OJv.webp                    547.32 kB
dist/assets/customer-10-grandma-wang-motion-CctIvIrs.webp           548.41 kB
dist/assets/customer-03-xiaoyu-motion-ixuTHFJ5.webp                 571.59 kB
dist/assets/customer-09-teacher-chen-motion-oVa779GF.webp           581.43 kB
dist/assets/customer-08-azhe-motion-CrsrzKem.webp                   635.47 kB
dist/assets/customer-05-suqing-motion-DLl68b3W.webp                 647.09 kB
dist/assets/customer-01-xiaolin-motion-DfLDdTo-.webp                673.99 kB
dist/assets/night-market-bgm-Dsrq8fsL.mp3                         2,401.30 kB
dist/assets/index-BjkbSYiU.css                                       92.72 kB │ gzip:  21.14 kB
dist/assets/PlaytestDebugPanel-Ci_mrk7y.js                            2.28 kB │ gzip:   0.83 kB
dist/assets/index-BsL0a0sZ.js                                       411.49 kB │ gzip: 117.17 kB

✓ built in 623ms
