Captured Day 1 gameplay 1440x810
Captured Day 1 dual-griddles 1440x810
Captured Day 1 gameplay 844x390
Captured Day 1 gameplay 836x470
Captured Day 1 gameplay 640x360
Captured Day 1 gameplay 1440x810 DPR3
Captured Day 2 gameplay 1440x810
Captured Day 2 dual-griddles 1440x810
Captured Day 2 gameplay 844x390
Captured Day 2 gameplay 836x470
Captured Day 2 gameplay 640x360
Captured Day 2 gameplay 1440x810 DPR3
Captured Day 3 gameplay 1440x810
Captured Day 3 dual-griddles 1440x810
Captured Day 3 gameplay 844x390
Captured Day 3 gameplay 836x470
Captured Day 3 gameplay 640x360
Captured Day 3 gameplay 1440x810 DPR3
Captured Day 4 gameplay 1440x810
Captured Day 4 dual-griddles 1440x810
Captured Day 4 gameplay 844x390
Captured Day 4 gameplay 836x470
Captured Day 4 gameplay 640x360
Captured Day 4 gameplay 1440x810 DPR3
Captured Day 5 gameplay 1440x810
Captured Day 5 dual-griddles 1440x810
Captured Day 5 gameplay 844x390
Captured Day 5 gameplay 836x470
Captured Day 5 gameplay 640x360
Captured Day 5 gameplay 1440x810 DPR3
Captured Day 6 gameplay 1440x810
Captured Day 6 dual-griddles 1440x810
Captured Day 6 gameplay 844x390
Captured Day 6 gameplay 836x470
Captured Day 6 gameplay 640x360
Captured Day 6 gameplay 1440x810 DPR3
Captured Day 1 guided-tutorial 1440x810
Captured Day 1 guided-tutorial 844x390
Captured Day 1 guided-tutorial 836x470
Captured Day 1 guided-tutorial 640x360
Day 5 event setup: serving order 1
Day 5 event setup: serving order 2
Day 5 event setup: serving order 3
Day 5 event setup: serving order 4
Captured Day 5 celebrity-return 1440x810
Captured Day 5 celebrity-return 844x390
Captured Day 5 celebrity-return 836x470
Captured Day 5 celebrity-return 640x360
{"captures":44,"maxLogicalDrift":0.000054857360836990665,"maxBaselineDrift":0,"errors":[],"outputDir":"D:\\game_demo\\docs\\qa\\screenshots\\ingredient-tray-all-days"}
